Archive member included because of file (symbol)

c:/winavr-20100110/bin/../lib/gcc/avr/4.3.3/avr5\libgcc.a(_udivmodsi4.o)
                              bin/avr/Serial.o (__udivmodsi4)
c:/winavr-20100110/bin/../lib/gcc/avr/4.3.3/avr5\libgcc.a(_exit.o)
                              c:/winavr-20100110/bin/../lib/gcc/avr/4.3.3/../../../../avr/lib/avr5/crtm328.o (exit)
c:/winavr-20100110/bin/../lib/gcc/avr/4.3.3/avr5\libgcc.a(_copy_data.o)
                              bin/avr/Serial.o (__do_copy_data)
c:/winavr-20100110/bin/../lib/gcc/avr/4.3.3/avr5\libgcc.a(_clear_bss.o)
                              bin/src/usb.o (__do_clear_bss)
c:/winavr-20100110/bin/../lib/gcc/avr/4.3.3/../../../../avr/lib/avr5\libc.a(malloc.o)
                              bin/avr/FIFO.o (malloc)

Allocating common symbols
Common symbol       size              file

usbTxBuf            0xb               bin/usbdrv/usbdrv.o
usbTxStatus1        0xc               bin/usbdrv/usbdrv.o
__brkval            0x2               c:/winavr-20100110/bin/../lib/gcc/avr/4.3.3/../../../../avr/lib/avr5\libc.a(malloc.o)
usbDeviceAddr       0x1               bin/usbdrv/usbdrv.o
usbRxToken          0x1               bin/usbdrv/usbdrv.o
usbInputBufOffset   0x1               bin/usbdrv/usbdrv.o
usbMsgPtr           0x2               bin/usbdrv/usbdrv.o
usbRxLen            0x1               bin/usbdrv/usbdrv.o
usbNewDeviceAddr    0x1               bin/usbdrv/usbdrv.o
usbCurrentTok       0x1               bin/usbdrv/usbdrv.o
__flp               0x2               c:/winavr-20100110/bin/../lib/gcc/avr/4.3.3/../../../../avr/lib/avr5\libc.a(malloc.o)
usbConfiguration    0x1               bin/usbdrv/usbdrv.o
usbRxBuf            0x16              bin/usbdrv/usbdrv.o

Discarded input sections

 .data          0x00000000        0x0 c:/winavr-20100110/bin/../lib/gcc/avr/4.3.3/../../../../avr/lib/avr5/crtm328.o
 .bss           0x00000000        0x0 c:/winavr-20100110/bin/../lib/gcc/avr/4.3.3/../../../../avr/lib/avr5/crtm328.o
 .bss           0x00000000        0x0 bin/avr/Serial.o
 .data          0x00000000        0x0 bin/avr/FIFO.o
 .bss           0x00000000        0x0 bin/avr/FIFO.o
 .bss           0x00000000        0x0 bin/src/main.o
 .text          0x00000000        0x0 bin/src/usb.o
 .data          0x00000000        0x0 bin/src/usb.o
 .bss           0x00000000        0x0 bin/src/usb.o
 .progmem.data  0x00000000        0x0 bin/src/usb.o
 .text          0x00000000        0x0 bin/usbdrv/usbdrv.o
 .bss           0x00000000        0x0 bin/usbdrv/usbdrv.o
 .progmem.data  0x00000000        0x0 bin/usbdrv/usbdrv.o
 .text          0x00000000        0x0 bin/usbdrv/oddebug.o
 .data          0x00000000        0x0 bin/usbdrv/oddebug.o
 .bss           0x00000000        0x0 bin/usbdrv/oddebug.o
 .data          0x00000000        0x0 bin/usbdrv/usbdrvasm.o
 .bss           0x00000000        0x0 bin/usbdrv/usbdrvasm.o
 .text          0x00000000        0x0 c:/winavr-20100110/bin/../lib/gcc/avr/4.3.3/avr5\libgcc.a(_udivmodsi4.o)
 .data          0x00000000        0x0 c:/winavr-20100110/bin/../lib/gcc/avr/4.3.3/avr5\libgcc.a(_udivmodsi4.o)
 .bss           0x00000000        0x0 c:/winavr-20100110/bin/../lib/gcc/avr/4.3.3/avr5\libgcc.a(_udivmodsi4.o)
 .text          0x00000000        0x0 c:/winavr-20100110/bin/../lib/gcc/avr/4.3.3/avr5\libgcc.a(_exit.o)
 .data          0x00000000        0x0 c:/winavr-20100110/bin/../lib/gcc/avr/4.3.3/avr5\libgcc.a(_exit.o)
 .bss           0x00000000        0x0 c:/winavr-20100110/bin/../lib/gcc/avr/4.3.3/avr5\libgcc.a(_exit.o)
 .text.libgcc   0x00000000        0x0 c:/winavr-20100110/bin/../lib/gcc/avr/4.3.3/avr5\libgcc.a(_exit.o)
 .text          0x00000000        0x0 c:/winavr-20100110/bin/../lib/gcc/avr/4.3.3/avr5\libgcc.a(_copy_data.o)
 .data          0x00000000        0x0 c:/winavr-20100110/bin/../lib/gcc/avr/4.3.3/avr5\libgcc.a(_copy_data.o)
 .bss           0x00000000        0x0 c:/winavr-20100110/bin/../lib/gcc/avr/4.3.3/avr5\libgcc.a(_copy_data.o)
 .text.libgcc   0x00000000        0x0 c:/winavr-20100110/bin/../lib/gcc/avr/4.3.3/avr5\libgcc.a(_copy_data.o)
 .text          0x00000000        0x0 c:/winavr-20100110/bin/../lib/gcc/avr/4.3.3/avr5\libgcc.a(_clear_bss.o)
 .data          0x00000000        0x0 c:/winavr-20100110/bin/../lib/gcc/avr/4.3.3/avr5\libgcc.a(_clear_bss.o)
 .bss           0x00000000        0x0 c:/winavr-20100110/bin/../lib/gcc/avr/4.3.3/avr5\libgcc.a(_clear_bss.o)
 .text.libgcc   0x00000000        0x0 c:/winavr-20100110/bin/../lib/gcc/avr/4.3.3/avr5\libgcc.a(_clear_bss.o)
 .text          0x00000000        0x0 c:/winavr-20100110/bin/../lib/gcc/avr/4.3.3/../../../../avr/lib/avr5\libc.a(malloc.o)
 .bss           0x00000000        0x0 c:/winavr-20100110/bin/../lib/gcc/avr/4.3.3/../../../../avr/lib/avr5\libc.a(malloc.o)

Memory Configuration

Name             Origin             Length             Attributes
text             0x00000000         0x00020000         xr
data             0x00800060         0x0000ffa0         rw !x
eeprom           0x00810000         0x00010000         rw !x
fuse             0x00820000         0x00000400         rw !x
lock             0x00830000         0x00000400         rw !x
signature        0x00840000         0x00000400         rw !x
*default*        0x00000000         0xffffffff

Linker script and memory map

Address of section .data set to 0x800100
LOAD c:/winavr-20100110/bin/../lib/gcc/avr/4.3.3/../../../../avr/lib/avr5/crtm328.o
LOAD c:/winavr-20100110/bin/../lib/gcc/avr/4.3.3/../../../../avr/lib/avr5\libm.a
Address of section .text set to 0x3800
LOAD bin/avr/Serial.o
LOAD bin/avr/FIFO.o
LOAD bin/src/main.o
LOAD bin/src/usb.o
LOAD bin/usbdrv/usbdrv.o
LOAD bin/usbdrv/oddebug.o
LOAD bin/usbdrv/usbdrvasm.o
LOAD c:/winavr-20100110/bin/../lib/gcc/avr/4.3.3/avr5\libgcc.a
LOAD c:/winavr-20100110/bin/../lib/gcc/avr/4.3.3/../../../../avr/lib/avr5\libc.a
LOAD c:/winavr-20100110/bin/../lib/gcc/avr/4.3.3/avr5\libgcc.a

.hash
 *(.hash)

.dynsym
 *(.dynsym)

.dynstr
 *(.dynstr)

.gnu.version
 *(.gnu.version)

.gnu.version_d
 *(.gnu.version_d)

.gnu.version_r
 *(.gnu.version_r)

.rel.init
 *(.rel.init)

.rela.init
 *(.rela.init)

.rel.text
 *(.rel.text)
 *(.rel.text.*)
 *(.rel.gnu.linkonce.t*)

.rela.text
 *(.rela.text)
 *(.rela.text.*)
 *(.rela.gnu.linkonce.t*)

.rel.fini
 *(.rel.fini)

.rela.fini
 *(.rela.fini)

.rel.rodata
 *(.rel.rodata)
 *(.rel.rodata.*)
 *(.rel.gnu.linkonce.r*)

.rela.rodata
 *(.rela.rodata)
 *(.rela.rodata.*)
 *(.rela.gnu.linkonce.r*)

.rel.data
 *(.rel.data)
 *(.rel.data.*)
 *(.rel.gnu.linkonce.d*)

.rela.data
 *(.rela.data)
 *(.rela.data.*)
 *(.rela.gnu.linkonce.d*)

.rel.ctors
 *(.rel.ctors)

.rela.ctors
 *(.rela.ctors)

.rel.dtors
 *(.rel.dtors)

.rela.dtors
 *(.rela.dtors)

.rel.got
 *(.rel.got)

.rela.got
 *(.rela.got)

.rel.bss
 *(.rel.bss)

.rela.bss
 *(.rela.bss)

.rel.plt
 *(.rel.plt)

.rela.plt
 *(.rela.plt)

.text           0x00003800      0x938
 *(.vectors)
 .vectors       0x00003800       0x68 c:/winavr-20100110/bin/../lib/gcc/avr/4.3.3/../../../../avr/lib/avr5/crtm328.o
                0x00003800                __vectors
                0x00003800                __vector_default
 *(.vectors)
 *(.progmem.gcc*)
 *(.progmem*)
                0x00003868                . = ALIGN (0x2)
                0x00003868                __trampolines_start = .
 *(.trampolines)
 .trampolines   0x00003868        0x0 linker stubs
 *(.trampolines*)
                0x00003868                __trampolines_end = .
 *(.jumptables)
 *(.jumptables*)
 *(.lowtext)
 *(.lowtext*)
                0x00003868                __ctors_start = .
 *(.ctors)
                0x00003868                __ctors_end = .
                0x00003868                __dtors_start = .
 *(.dtors)
                0x00003868                __dtors_end = .
 SORT(*)(.ctors)
 SORT(*)(.dtors)
 *(.init0)
 .init0         0x00003868        0x0 c:/winavr-20100110/bin/../lib/gcc/avr/4.3.3/../../../../avr/lib/avr5/crtm328.o
                0x00003868                __init
 *(.init0)
 *(.init1)
 *(.init1)
 *(.init2)
 .init2         0x00003868        0xc c:/winavr-20100110/bin/../lib/gcc/avr/4.3.3/../../../../avr/lib/avr5/crtm328.o
 *(.init2)
 *(.init3)
 *(.init3)
 *(.init4)
 .init4         0x00003874       0x16 c:/winavr-20100110/bin/../lib/gcc/avr/4.3.3/avr5\libgcc.a(_copy_data.o)
                0x00003874                __do_copy_data
 .init4         0x0000388a       0x10 c:/winavr-20100110/bin/../lib/gcc/avr/4.3.3/avr5\libgcc.a(_clear_bss.o)
                0x0000388a                __do_clear_bss
 *(.init4)
 *(.init5)
 *(.init5)
 *(.init6)
 *(.init6)
 *(.init7)
 *(.init7)
 *(.init8)
 *(.init8)
 *(.init9)
 .init9         0x0000389a        0x8 c:/winavr-20100110/bin/../lib/gcc/avr/4.3.3/../../../../avr/lib/avr5/crtm328.o
 *(.init9)
 *(.text)
 .text          0x000038a2        0x4 c:/winavr-20100110/bin/../lib/gcc/avr/4.3.3/../../../../avr/lib/avr5/crtm328.o
                0x000038a2                __vector_22
                0x000038a2                __vector_24
                0x000038a2                __vector_12
                0x000038a2                __bad_interrupt
                0x000038a2                __vector_6
                0x000038a2                __vector_3
                0x000038a2                __vector_23
                0x000038a2                __vector_25
                0x000038a2                __vector_11
                0x000038a2                __vector_13
                0x000038a2                __vector_17
                0x000038a2                __vector_7
                0x000038a2                __vector_5
                0x000038a2                __vector_4
                0x000038a2                __vector_9
                0x000038a2                __vector_2
                0x000038a2                __vector_21
                0x000038a2                __vector_15
                0x000038a2                __vector_8
                0x000038a2                __vector_14
                0x000038a2                __vector_10
                0x000038a2                __vector_16
                0x000038a2                __vector_20
 .text          0x000038a6      0x252 bin/avr/Serial.o
                0x00003928                serialWriteI
                0x000038a6                serialWriteBlocking
                0x00003a9a                serialInit
                0x00003a18                __vector_19
                0x0000399e                serialWrite
                0x000038fc                __vector_18
 .text          0x00003af8      0x134 bin/avr/FIFO.o
                0x00003bba                fifoPopBack
                0x00003b6e                fifoPop
                0x00003af8                fifoPush
                0x00003bf0                fifoInit
 .text          0x00003c2c       0x46 bin/src/main.o
                0x00003c2c                main
 .text          0x00003c72      0x274 bin/usbdrv/usbdrvasm.o
                0x00003ca4                __vector_1
                0x00003c72                usbCrc16
                0x00003c9c                usbCrc16Append
                0x00003ee6                . = ALIGN (0x2)
 *(.text.*)
 .text.libgcc   0x00003ee6       0x44 c:/winavr-20100110/bin/../lib/gcc/avr/4.3.3/avr5\libgcc.a(_udivmodsi4.o)
                0x00003ee6                __udivmodsi4
 .text.avr-libc
                0x00003f2a      0x20a c:/winavr-20100110/bin/../lib/gcc/avr/4.3.3/../../../../avr/lib/avr5\libc.a(malloc.o)
                0x00003f2a                malloc
                0x00004084                free
                0x00004134                . = ALIGN (0x2)
 *(.fini9)
 .fini9         0x00004134        0x0 c:/winavr-20100110/bin/../lib/gcc/avr/4.3.3/avr5\libgcc.a(_exit.o)
                0x00004134                exit
                0x00004134                _exit
 *(.fini9)
 *(.fini8)
 *(.fini8)
 *(.fini7)
 *(.fini7)
 *(.fini6)
 *(.fini6)
 *(.fini5)
 *(.fini5)
 *(.fini4)
 *(.fini4)
 *(.fini3)
 *(.fini3)
 *(.fini2)
 *(.fini2)
 *(.fini1)
 *(.fini1)
 *(.fini0)
 .fini0         0x00004134        0x4 c:/winavr-20100110/bin/../lib/gcc/avr/4.3.3/avr5\libgcc.a(_exit.o)
 *(.fini0)
                0x00004138                _etext = .

.data           0x00800100       0x40 load address 0x00004138
                0x00800100                PROVIDE (__data_start, .)
 *(.data)
 .data          0x00800100       0x12 bin/avr/Serial.o
                0x00800100                Serial0
 .data          0x00800112       0x26 bin/src/main.o
                0x00800112                str
 .data          0x00800138        0x2 bin/usbdrv/usbdrv.o
                0x00800138                usbTxLen
 .data          0x0080013a        0x6 c:/winavr-20100110/bin/../lib/gcc/avr/4.3.3/../../../../avr/lib/avr5\libc.a(malloc.o)
                0x0080013c                __malloc_heap_start
                0x0080013e                __malloc_heap_end
                0x0080013a                __malloc_margin
 *(.data*)
 *(.rodata)
 *(.rodata*)
 *(.gnu.linkonce.d*)
                0x00800140                . = ALIGN (0x2)
                0x00800140                _edata = .
                0x00800140                PROVIDE (__data_end, .)

.bss            0x00800140       0x3a
                0x00800140                PROVIDE (__bss_start, .)
 *(.bss)
 *(.bss*)
 *(COMMON)
 COMMON         0x00800140       0x36 bin/usbdrv/usbdrv.o
                0x00800140                usbTxBuf
                0x0080014b                usbTxStatus1
                0x00800157                usbDeviceAddr
                0x00800158                usbRxToken
                0x00800159                usbInputBufOffset
                0x0080015a                usbMsgPtr
                0x0080015c                usbRxLen
                0x0080015d                usbNewDeviceAddr
                0x0080015e                usbCurrentTok
                0x0080015f                usbConfiguration
                0x00800160                usbRxBuf
 COMMON         0x00800176        0x4 c:/winavr-20100110/bin/../lib/gcc/avr/4.3.3/../../../../avr/lib/avr5\libc.a(malloc.o)
                0x00800176                __brkval
                0x00800178                __flp
                0x0080017a                PROVIDE (__bss_end, .)
                0x00004138                __data_load_start = LOADADDR (.data)
                0x00004178                __data_load_end = (__data_load_start + SIZEOF (.data))

.noinit         0x0080017a        0x0
                0x0080017a                PROVIDE (__noinit_start, .)
 *(.noinit*)
                0x0080017a                PROVIDE (__noinit_end, .)
                0x0080017a                _end = .
                0x0080017a                PROVIDE (__heap_start, .)

.eeprom         0x00810000        0x0
 *(.eeprom*)
                0x00810000                __eeprom_end = .

.fuse           0x00820000        0x3
 *(.fuse)
 .fuse          0x00820000        0x3 bin/src/main.o
                0x00820000                fusedata
 *(.lfuse)
 *(.hfuse)
 *(.efuse)

.lock
 *(.lock*)

.signature
 *(.signature*)

.stab
 *(.stab)

.stabstr
 *(.stabstr)

.stab.excl
 *(.stab.excl)

.stab.exclstr
 *(.stab.exclstr)

.stab.index
 *(.stab.index)

.stab.indexstr
 *(.stab.indexstr)

.comment
 *(.comment)

.debug
 *(.debug)

.line
 *(.line)

.debug_srcinfo
 *(.debug_srcinfo)

.debug_sfnames
 *(.debug_sfnames)

.debug_aranges  0x00000000       0xa0
 *(.debug_aranges)
 .debug_aranges
                0x00000000       0x20 bin/avr/Serial.o
 .debug_aranges
                0x00000020       0x20 bin/avr/FIFO.o
 .debug_aranges
                0x00000040       0x20 bin/src/main.o
 .debug_aranges
                0x00000060       0x20 bin/src/usb.o
 .debug_aranges
                0x00000080       0x20 bin/usbdrv/usbdrv.o

.debug_pubnames
                0x00000000      0x2de
 *(.debug_pubnames)
 .debug_pubnames
                0x00000000       0x86 bin/avr/Serial.o
 .debug_pubnames
                0x00000086       0x48 bin/avr/FIFO.o
 .debug_pubnames
                0x000000ce       0x30 bin/src/main.o
 .debug_pubnames
                0x000000fe       0x50 bin/src/usb.o
 .debug_pubnames
                0x0000014e      0x190 bin/usbdrv/usbdrv.o

.debug_info     0x00000000     0x1443
 *(.debug_info)
 .debug_info    0x00000000      0x3f5 bin/avr/Serial.o
 .debug_info    0x000003f5      0x1a9 bin/avr/FIFO.o
 .debug_info    0x0000059e      0x2cb bin/src/main.o
 .debug_info    0x00000869      0x2ad bin/src/usb.o
 .debug_info    0x00000b16      0x8c9 bin/usbdrv/usbdrv.o
 .debug_info    0x000013df       0x64 bin/usbdrv/oddebug.o
 *(.gnu.linkonce.wi.*)

.debug_abbrev   0x00000000      0x844
 *(.debug_abbrev)
 .debug_abbrev  0x00000000      0x16c bin/avr/Serial.o
 .debug_abbrev  0x0000016c       0xc6 bin/avr/FIFO.o
 .debug_abbrev  0x00000232      0x15a bin/src/main.o
 .debug_abbrev  0x0000038c      0x1c4 bin/src/usb.o
 .debug_abbrev  0x00000550      0x2c1 bin/usbdrv/usbdrv.o
 .debug_abbrev  0x00000811       0x33 bin/usbdrv/oddebug.o

.debug_line     0x00000000      0x9f3
 *(.debug_line)
 .debug_line    0x00000000      0x218 bin/avr/Serial.o
 .debug_line    0x00000218      0x17f bin/avr/FIFO.o
 .debug_line    0x00000397      0x1a8 bin/src/main.o
 .debug_line    0x0000053f       0xde bin/src/usb.o
 .debug_line    0x0000061d      0x398 bin/usbdrv/usbdrv.o
 .debug_line    0x000009b5       0x3e bin/usbdrv/oddebug.o

.debug_frame    0x00000000      0x170
 *(.debug_frame)
 .debug_frame   0x00000000       0x90 bin/avr/Serial.o
 .debug_frame   0x00000090       0x50 bin/avr/FIFO.o
 .debug_frame   0x000000e0       0x20 bin/src/main.o
 .debug_frame   0x00000100       0x30 bin/src/usb.o
 .debug_frame   0x00000130       0x40 bin/usbdrv/usbdrv.o

.debug_str      0x00000000      0x5ea
 *(.debug_str)
 .debug_str     0x00000000      0x17e bin/avr/Serial.o
                                0x1c5 (size before relaxing)
 .debug_str     0x0000017e       0x39 bin/avr/FIFO.o
                                0x10b (size before relaxing)
 .debug_str     0x000001b7       0x6d bin/src/main.o
                                0x197 (size before relaxing)
 .debug_str     0x00000224      0x127 bin/src/usb.o
                                0x1e2 (size before relaxing)
 .debug_str     0x0000034b      0x28b bin/usbdrv/usbdrv.o
                                0x40b (size before relaxing)
 .debug_str     0x000005d6       0x14 bin/usbdrv/oddebug.o
                                 0xb5 (size before relaxing)

.debug_loc      0x00000000      0x692
 *(.debug_loc)
 .debug_loc     0x00000000      0x22e bin/avr/Serial.o
 .debug_loc     0x0000022e       0xc8 bin/avr/FIFO.o
 .debug_loc     0x000002f6       0x50 bin/src/main.o
 .debug_loc     0x00000346       0x18 bin/src/usb.o
 .debug_loc     0x0000035e      0x334 bin/usbdrv/usbdrv.o

.debug_macinfo
 *(.debug_macinfo)
OUTPUT(bin/avr.elf elf32-avr)
LOAD linker stubs

.debug_ranges   0x00000000       0xa0
 .debug_ranges  0x00000000       0x48 bin/src/main.o
 .debug_ranges  0x00000048       0x58 bin/usbdrv/usbdrv.o
